Microchip MPLAB XC8 Compiler V2.10 ()

Linker command line:

-W-3 --edf=C:\Program Files\Microchip\xc8\v2.10\pic\dat\en_msgs.txt -cs \
  -h+dist/default/production\Multiple_adc.X.production.sym \
  --cmf=dist/default/production\Multiple_adc.X.production.cmf -z -Q16F877A \
  -oC:\Users\pratik\AppData\Local\Temp\s5ak.2 \
  -Mdist/default/production/Multiple_adc.X.production.map -E1 -ver=XC8 \
  --acfsm=1493 -ASTACK=0110h-016Fh -pstack=STACK -ACODE=00h-07FFhx4 \
  -ASTRCODE=00h-01FFFh -ASTRING=00h-0FFhx32 -ACONST=00h-0FFhx32 \
  -AENTRY=00h-0FFhx32 -ACOMMON=070h-07Fh -ABANK0=020h-06Fh \
  -ABANK1=0A0h-0EFh -ABANK2=0110h-016Fh -ABANK3=0190h-01EFh \
  -ARAM=020h-06Fh,0A0h-0EFh,0110h-016Fh,0190h-01EFh \
  -AABS1=020h-07Fh,0A0h-0EFh,0110h-016Fh,0190h-01EFh -ASFR0=00h-01Fh \
  -ASFR1=080h-09Fh -ASFR2=0100h-010Fh -ASFR3=0180h-018Fh \
  -preset_vec=00h,intentry,init,end_init -ppowerup=CODE -pcinit=CODE \
  -pfunctab=ENTRY -ACONFIG=02007h-02007h -pconfig=CONFIG -DCONFIG=2 \
  -AIDLOC=02000h-02003h -pidloc=IDLOC -DIDLOC=2 -AEEDATA=00h-0FFh/02100h \
  -peeprom_data=EEDATA -DEEDATA=2 -DCODE=2 -DSTRCODE=2 -DSTRING=2 -DCONST=2 \
  -DENTRY=2 -k dist/default/production\startup.o \
  dist/default/production\Multiple_adc.X.production.o 

Object code version is 3.11

Machine type is 16F877A



                Name                               Link     Load   Length Selector   Space Scale
dist/default/production\startup.o
                end_init                              0        0        3        0       0
                config                             2007     2007        1     400E       0
dist/default/production\Multiple_adc.X.production.o
                cinit                               7F6      7F6        A      FEC       0
                text9                               5FC      5FC       42      BF8       0
                text8                               549      549       1D      A92       0
                text7                               5A2      5A2       22      B44       0
                text6                               566      566       1D      ACC       0
                text5                               583      583       1F      B06       0
                text4                               699      699       67      D32       0
                text3                               63E      63E       5B      C7C       0
                text2                               76C      76C       8A      ED8       0
                text1                               5C4      5C4       38      B88       0
                maintext                            700      700       6C      E00       0
                cstackBANK0                          20       20        6       20       1
                cstackCOMMON                         70       70        E       70       1
                bssBANK0                             26       26        4       20       1
                strings                               3        3       14        6       0

TOTAL           Name                               Link     Load   Length     Space
        CLASS   STACK          

        CLASS   CODE           
                end_init                              0        0        3         0
                cinit                               7F6      7F6        A         0
                text9                               5FC      5FC       42         0
                text8                               549      549       1D         0
                text7                               5A2      5A2       22         0
                text6                               566      566       1D         0
                text5                               583      583       1F         0
                text4                               699      699       67         0
                text3                               63E      63E       5B         0
                text2                               76C      76C       8A         0
                text1                               5C4      5C4       38         0
                maintext                            700      700       6C         0

        CLASS   STRCODE        

        CLASS   STRING         
                strings                               3        3       14         0

        CLASS   CONST          

        CLASS   ENTRY          

        CLASS   COMMON         
                cstackCOMMON                         70       70        E         1

        CLASS   BANK0          
                cstackBANK0                          20       20        6         1
                bssBANK0                             26       26        4         1

        CLASS   BANK1          

        CLASS   BANK2          

        CLASS   BANK3          

        CLASS   RAM            

        CLASS   ABS1           
                abs_s1                               7E       7E        2         1

        CLASS   SFR0           

        CLASS   SFR1           

        CLASS   SFR2           

        CLASS   SFR3           

        CLASS   CONFIG         
                config                             2007     2007        1         0

        CLASS   IDLOC          

        CLASS   EEDATA         



SEGMENTS        Name                           Load    Length   Top    Selector   Space  Class     Delta

                reset_vec                      000000  000003  000003         0       0  CODE        2
                strings                        000003  000014  000017         6       0  STRING      2
                cstackBANK0                    000020  00000A  00002A        20       1  BANK0       1
                cstackCOMMON                   000070  00000E  00007E        70       1  COMMON      1
                text8                          000549  00001D  000566       A92       0  CODE        2
                text6                          000566  00001D  000583       ACC       0  CODE        2
                text5                          000583  00001F  0005A2       B06       0  CODE        2
                text7                          0005A2  000022  0005C4       B44       0  CODE        2
                text1                          0005C4  000038  0005FC       B88       0  CODE        2
                text9                          0005FC  000042  00063E       BF8       0  CODE        2
                text3                          00063E  00005B  000699       C7C       0  CODE        2
                text4                          000699  000067  000700       D32       0  CODE        2
                maintext                       000700  00006C  00076C       E00       0  CODE        2
                text2                          00076C  00008A  0007F6       ED8       0  CODE        2
                cinit                          0007F6  00000A  000800       FEC       0  CODE        2
                config                         002007  000001  002008      400E       0  CONFIG      2


UNUSED ADDRESS RANGES

        Name                Unused          Largest block    Delta
        BANK0            002A-006F             46           1
        BANK1            00A0-00EF             50           1
        BANK2            0110-016F             60           1
        BANK3            0190-01EF             60           1
        CODE             0017-0548            532           2
                         0800-1FFF            800
        CONST            0017-0548            100           2
                         0800-1FFF            100
        EEDATA           2100-21FF            100           2
        ENTRY            0017-0548            100           2
                         0800-1FFF            100
        IDLOC            2000-2003              4           2
        RAM              002A-006F             46           1
                         00A0-00EF             50
                         0110-016F             60
                         0190-01EF             60
        SFR0             0000-001F             20           1
        SFR1             0080-009F             20           1
        SFR2             0100-010F             10           1
        SFR3             0180-018F             10           1
        STACK            0110-016F             60           1
        STRCODE          0017-0548            532           2
                         0800-1FFF           1800
        STRING           0017-0548            100           2
                         0800-1FFF            100

                                  Symbol Table

?___awdiv                cstackCOMMON 0070
?___awmod                cstackCOMMON 0079
?_read_Adc               cstackCOMMON 0070
ADC_inti@ch              cstackCOMMON 0072
LCD_Char@char_data       cstackCOMMON 0072
LCD_Command@cmd          cstackCOMMON 0072
LCD_string@dat           cstackCOMMON 0074
_ADCON0                  (abs)        001F
_ADCS0                   (abs)        00FE
_ADCS1                   (abs)        00FF
_ADCS2                   (abs)        04FE
_ADC_inti                text9        05FC
_ADFM                    (abs)        04FF
_ADON                    (abs)        00F8
_ADRESH                  (abs)        001E
_ADRESL                  (abs)        009E
_GO_nDONE                (abs)        00FA
_LCD_Char                text6        0566
_LCD_Command             text8        0549
_LCD_Init                text7        05A2
_LCD_string              text5        0583
_PCFG0                   (abs)        04F8
_PCFG1                   (abs)        04F9
_PCFG2                   (abs)        04FA
_PCFG3                   (abs)        04FB
_PORTD                   (abs)        0008
_RC0                     (abs)        0038
_RC1                     (abs)        0039
_TRISA0                  (abs)        0428
_TRISA1                  (abs)        0429
_TRISA2                  (abs)        042A
_TRISA3                  (abs)        042B
_TRISA5                  (abs)        042D
_TRISC0                  (abs)        0438
_TRISC1                  (abs)        0439
_TRISD                   (abs)        0088
_TRISE0                  (abs)        0448
_TRISE1                  (abs)        0449
_TRISE2                  (abs)        044A
__CFG_BOREN$OFF          (abs)        0000
__CFG_CP$OFF             (abs)        0000
__CFG_CPD$OFF            (abs)        0000
__CFG_FOSC$HS            (abs)        0000
__CFG_LVP$OFF            (abs)        0000
__CFG_PWRTE$OFF          (abs)        0000
__CFG_WDTE$OFF           (abs)        0000
__CFG_WRT$OFF            (abs)        0000
__Habs1                  abs1         0000
__Hbank0                 bank0        0000
__Hbank1                 bank1        0000
__Hbank2                 bank2        0000
__Hbank3                 bank3        0000
__HbssBANK0              bssBANK0     0000
__Hcinit                 cinit        0800
__Hclrtext               clrtext      0000
__Hcode                  code         0000
__Hcommon                common       0000
__Hconfig                config       2008
__HcstackBANK0           cstackBANK0  0000
__HcstackCOMMON          cstackCOMMON 0000
__Heeprom_data           eeprom_data  0000
__Hend_init              end_init     0003
__Hfunctab               functab      0000
__Hidloc                 idloc        0000
__Hinit                  init         0000
__Hintentry              intentry     0000
__Hmaintext              maintext     0000
__Hpowerup               powerup      0000
__Hram                   ram          0000
__Hreset_vec             reset_vec    0000
__Hsfr0                  sfr0         0000
__Hsfr1                  sfr1         0000
__Hsfr2                  sfr2         0000
__Hsfr3                  sfr3         0000
__Hspace_0               (abs)        2008
__Hspace_1               (abs)        007E
__Hspace_2               (abs)        0000
__Hspace_3               (abs)        0000
__Hstack                 stack        0000
__Hstrings               strings      0000
__Htext                  text         0000
__Labs1                  abs1         0000
__Lbank0                 bank0        0000
__Lbank1                 bank1        0000
__Lbank2                 bank2        0000
__Lbank3                 bank3        0000
__LbssBANK0              bssBANK0     0000
__Lcinit                 cinit        07F6
__Lclrtext               clrtext      0000
__Lcode                  code         0000
__Lcommon                common       0000
__Lconfig                config       2007
__LcstackBANK0           cstackBANK0  0000
__LcstackCOMMON          cstackCOMMON 0000
__Leeprom_data           eeprom_data  0000
__Lend_init              end_init     0000
__Lfunctab               functab      0000
__Lidloc                 idloc        0000
__Linit                  init         0000
__Lintentry              intentry     0000
__Lmaintext              maintext     0000
__Lpowerup               powerup      0000
__Lram                   ram          0000
__Lreset_vec             reset_vec    0000
__Lsfr0                  sfr0         0000
__Lsfr1                  sfr1         0000
__Lsfr2                  sfr2         0000
__Lsfr3                  sfr3         0000
__Lspace_0               (abs)        0000
__Lspace_1               (abs)        0000
__Lspace_2               (abs)        0000
__Lspace_3               (abs)        0000
__Lstack                 stack        0000
__Lstrings               strings      0000
__Ltext                  text         0000
__S0                     (abs)        2008
__S1                     (abs)        007E
__S2                     (abs)        0000
__S3                     (abs)        0000
___awdiv                 text4        0699
___awdiv@counter         cstackCOMMON 0075
___awdiv@dividend        cstackCOMMON 0072
___awdiv@divisor         cstackCOMMON 0070
___awdiv@quotient        cstackCOMMON 0077
___awdiv@sign            cstackCOMMON 0076
___awmod                 text3        063E
___awmod@counter         cstackBANK0  0020
___awmod@dividend        cstackCOMMON 007B
___awmod@divisor         cstackCOMMON 0079
___awmod@sign            cstackBANK0  0021
___int_sp                stack        0000
___latbits               (abs)        0002
___sp                    stack        0000
___stackhi               (abs)        0000
___stacklo               (abs)        0000
__end_of_ADC_inti        text9        063E
__end_of_LCD_Char        text6        0583
__end_of_LCD_Command     text8        0566
__end_of_LCD_Init        text7        05C4
__end_of_LCD_string      text5        05A2
__end_of___awdiv         text4        0700
__end_of___awmod         text3        0699
__end_of__initialization cinit        07FC
__end_of__stringtab      strings      0009
__end_of_display         text2        07F6
__end_of_main            maintext     076C
__end_of_read_Adc        text1        05FC
__initialization         cinit        07F6
__pbssBANK0              bssBANK0     0026
__pcstackBANK0           cstackBANK0  0020
__pcstackCOMMON          cstackCOMMON 0070
__pmaintext              maintext     0700
__pstrings               strings      0003
__ptext1                 text1        05C4
__ptext2                 text2        076C
__ptext3                 text3        063E
__ptext4                 text4        0699
__ptext5                 text5        0583
__ptext6                 text6        0566
__ptext7                 text7        05A2
__ptext8                 text8        0549
__ptext9                 text9        05FC
__size_of_ADC_inti       (abs)        0000
__size_of_LCD_Char       (abs)        0000
__size_of_LCD_Command    (abs)        0000
__size_of_LCD_Init       (abs)        0000
__size_of_LCD_string     (abs)        0000
__size_of___awdiv        (abs)        0000
__size_of___awmod        (abs)        0000
__size_of_display        (abs)        0000
__size_of_main           (abs)        0000
__size_of_read_Adc       (abs)        0000
__stringbase             strings      0008
__stringtab              strings      0003
_adc_value0              bssBANK0     0028
_adc_value2              bssBANK0     0026
_display                 text2        076C
_main                    maintext     0700
_read_Adc                text1        05C4
btemp                    (abs)        007E
display@adc_value        cstackBANK0  0022
end_of_initialization    cinit        07FC
intlevel0                functab      0000
intlevel1                functab      0000
intlevel2                functab      0000
intlevel3                functab      0000
intlevel4                functab      0000
intlevel5                functab      0000
read_Adc@ch1             cstackCOMMON 0076
read_Adc@n               cstackCOMMON 0074
reset_vec                reset_vec    0000
start                    init         0000
start_initialization     cinit        07F6
wtemp0                   (abs)        007E


FUNCTION INFORMATION:

 *************** function _main *****************
 Defined at:
		line 27 in file "muitiple_adc.c"
 Parameters:    Size  Location     Type
		None
 Auto vars:     Size  Location     Type
  ch              1    0        unsigned char 
 Return value:  Size  Location     Type
                  1    wreg      void 
 Registers used:
		wreg, fsr0l, fsr0h, status,2, status,0, pclath, cstack
 Tracked objects:
		On entry : 
		On exit  : 
		Unchanged: 
 Data sizes:     COMMON   BANK0   BANK1   BANK3   BANK2
      Params:         0       0       0       0       0
      Locals:         0       0       0       0       0
      Temps:          0       0       0       0       0
      Totals:         0       0       0       0       0
Total ram usage:        0 bytes
 Hardware stack levels required when called:    2
 This function calls:
		_ADC_inti
		_LCD_Command
		_LCD_Init
		_LCD_string
		_display
		_read_Adc
 This function is called by:
		Startup code after reset
 This function uses a non-reentrant model


 *************** function _read_Adc *****************
 Defined at:
		line 106 in file "muitiple_adc.c"
 Parameters:    Size  Location     Type
  ch1             1    wreg     unsigned char 
 Auto vars:     Size  Location     Type
  ch1             1    6[COMMON] unsigned char 
  n               2    4[COMMON] unsigned int 
 Return value:  Size  Location     Type
                  2    0[COMMON] unsigned int 
 Registers used:
		wreg, status,2, status,0
 Tracked objects:
		On entry : 
		On exit  : 
		Unchanged: 
 Data sizes:     COMMON   BANK0   BANK1   BANK3   BANK2
      Params:         2       0       0       0       0
      Locals:         3       0       0       0       0
      Temps:          2       0       0       0       0
      Totals:         7       0       0       0       0
Total ram usage:        7 bytes
 Hardware stack levels used:    1
 This function calls:
		Nothing
 This function is called by:
		_main
 This function uses a non-reentrant model


 *************** function _display *****************
 Defined at:
		line 170 in file "muitiple_adc.c"
 Parameters:    Size  Location     Type
  adc_value       2    2[BANK0 ] int 
 Auto vars:     Size  Location     Type
		None
 Return value:  Size  Location     Type
                  1    wreg      void 
 Registers used:
		wreg, status,2, status,0, pclath, cstack
 Tracked objects:
		On entry : 
		On exit  : 
		Unchanged: 
 Data sizes:     COMMON   BANK0   BANK1   BANK3   BANK2
      Params:         0       2       0       0       0
      Locals:         0       0       0       0       0
      Temps:          0       2       0       0       0
      Totals:         0       4       0       0       0
Total ram usage:        4 bytes
 Hardware stack levels used:    1
 Hardware stack levels required when called:    1
 This function calls:
		_LCD_Char
		___awdiv
		___awmod
 This function is called by:
		_main
 This function uses a non-reentrant model


 *************** function ___awmod *****************
 Defined at:
		line 5 in file "C:\Program Files\Microchip\xc8\v2.10\pic\sources\c90\common\awmod.c"
 Parameters:    Size  Location     Type
  divisor         2    9[COMMON] int 
  dividend        2   11[COMMON] int 
 Auto vars:     Size  Location     Type
  sign            1    1[BANK0 ] unsigned char 
  counter         1    0[BANK0 ] unsigned char 
 Return value:  Size  Location     Type
                  2    9[COMMON] int 
 Registers used:
		wreg, status,2, status,0
 Tracked objects:
		On entry : 
		On exit  : 
		Unchanged: 
 Data sizes:     COMMON   BANK0   BANK1   BANK3   BANK2
      Params:         4       0       0       0       0
      Locals:         0       2       0       0       0
      Temps:          1       0       0       0       0
      Totals:         5       2       0       0       0
Total ram usage:        7 bytes
 Hardware stack levels used:    1
 This function calls:
		Nothing
 This function is called by:
		_display
 This function uses a non-reentrant model


 *************** function ___awdiv *****************
 Defined at:
		line 5 in file "C:\Program Files\Microchip\xc8\v2.10\pic\sources\c90\common\awdiv.c"
 Parameters:    Size  Location     Type
  divisor         2    0[COMMON] int 
  dividend        2    2[COMMON] int 
 Auto vars:     Size  Location     Type
  quotient        2    7[COMMON] int 
  sign            1    6[COMMON] unsigned char 
  counter         1    5[COMMON] unsigned char 
 Return value:  Size  Location     Type
                  2    0[COMMON] int 
 Registers used:
		wreg, status,2, status,0
 Tracked objects:
		On entry : 
		On exit  : 
		Unchanged: 
 Data sizes:     COMMON   BANK0   BANK1   BANK3   BANK2
      Params:         4       0       0       0       0
      Locals:         4       0       0       0       0
      Temps:          1       0       0       0       0
      Totals:         9       0       0       0       0
Total ram usage:        9 bytes
 Hardware stack levels used:    1
 This function calls:
		Nothing
 This function is called by:
		_display
 This function uses a non-reentrant model


 *************** function _LCD_string *****************
 Defined at:
		line 141 in file "muitiple_adc.c"
 Parameters:    Size  Location     Type
  dat             1    wreg     PTR unsigned char 
		 -> STR_2(7), STR_1(7), 
 Auto vars:     Size  Location     Type
  dat             1    4[COMMON] PTR unsigned char 
		 -> STR_2(7), STR_1(7), 
 Return value:  Size  Location     Type
                  1    wreg      void 
 Registers used:
		wreg, fsr0l, fsr0h, status,2, status,0, pclath, cstack
 Tracked objects:
		On entry : 
		On exit  : 
		Unchanged: 
 Data sizes:     COMMON   BANK0   BANK1   BANK3   BANK2
      Params:         0       0       0       0       0
      Locals:         1       0       0       0       0
      Temps:          1       0       0       0       0
      Totals:         2       0       0       0       0
Total ram usage:        2 bytes
 Hardware stack levels used:    1
 Hardware stack levels required when called:    1
 This function calls:
		_LCD_Char
 This function is called by:
		_main
 This function uses a non-reentrant model


 *************** function _LCD_Char *****************
 Defined at:
		line 160 in file "muitiple_adc.c"
 Parameters:    Size  Location     Type
  char_data       1    wreg     unsigned char 
 Auto vars:     Size  Location     Type
  char_data       1    2[COMMON] unsigned char 
 Return value:  Size  Location     Type
                  1    wreg      void 
 Registers used:
		wreg
 Tracked objects:
		On entry : 
		On exit  : 
		Unchanged: 
 Data sizes:     COMMON   BANK0   BANK1   BANK3   BANK2
      Params:         0       0       0       0       0
      Locals:         1       0       0       0       0
      Temps:          2       0       0       0       0
      Totals:         3       0       0       0       0
Total ram usage:        3 bytes
 Hardware stack levels used:    1
 This function calls:
		Nothing
 This function is called by:
		_LCD_string
		_display
 This function uses a non-reentrant model


 *************** function _LCD_Init *****************
 Defined at:
		line 131 in file "muitiple_adc.c"
 Parameters:    Size  Location     Type
		None
 Auto vars:     Size  Location     Type
		None
 Return value:  Size  Location     Type
                  1    wreg      void 
 Registers used:
		wreg, status,2, status,0, pclath, cstack
 Tracked objects:
		On entry : 
		On exit  : 
		Unchanged: 
 Data sizes:     COMMON   BANK0   BANK1   BANK3   BANK2
      Params:         0       0       0       0       0
      Locals:         0       0       0       0       0
      Temps:          2       0       0       0       0
      Totals:         2       0       0       0       0
Total ram usage:        2 bytes
 Hardware stack levels used:    1
 Hardware stack levels required when called:    1
 This function calls:
		_LCD_Command
 This function is called by:
		_main
 This function uses a non-reentrant model


 *************** function _LCD_Command *****************
 Defined at:
		line 150 in file "muitiple_adc.c"
 Parameters:    Size  Location     Type
  cmd             1    wreg     unsigned char 
 Auto vars:     Size  Location     Type
  cmd             1    2[COMMON] unsigned char 
 Return value:  Size  Location     Type
                  1    wreg      void 
 Registers used:
		wreg
 Tracked objects:
		On entry : 
		On exit  : 
		Unchanged: 
 Data sizes:     COMMON   BANK0   BANK1   BANK3   BANK2
      Params:         0       0       0       0       0
      Locals:         1       0       0       0       0
      Temps:          2       0       0       0       0
      Totals:         3       0       0       0       0
Total ram usage:        3 bytes
 Hardware stack levels used:    1
 This function calls:
		Nothing
 This function is called by:
		_main
		_LCD_Init
 This function uses a non-reentrant model


 *************** function _ADC_inti *****************
 Defined at:
		line 64 in file "muitiple_adc.c"
 Parameters:    Size  Location     Type
  ch              1    wreg     unsigned char 
 Auto vars:     Size  Location     Type
  ch              1    2[COMMON] unsigned char 
 Return value:  Size  Location     Type
                  1    wreg      void 
 Registers used:
		wreg, fsr0l, fsr0h, status,2, status,0
 Tracked objects:
		On entry : 
		On exit  : 
		Unchanged: 
 Data sizes:     COMMON   BANK0   BANK1   BANK3   BANK2
      Params:         0       0       0       0       0
      Locals:         1       0       0       0       0
      Temps:          2       0       0       0       0
      Totals:         3       0       0       0       0
Total ram usage:        3 bytes
 Hardware stack levels used:    1
 This function calls:
		Nothing
 This function is called by:
		_main
 This function uses a non-reentrant model



MODULE INFORMATION

Module		Function		Class		Link	Load	Size
C:\Program Files\Microchip\xc8\v2.10\pic\sources\c90\common\awmod.c
		___awmod       		CODE           	063E	0000	92

C:\Program Files\Microchip\xc8\v2.10\pic\sources\c90\common\awmod.c estimated size: 92

C:\Program Files\Microchip\xc8\v2.10\pic\sources\c90\common\awdiv.c
		___awdiv       		CODE           	0699	0000	104

C:\Program Files\Microchip\xc8\v2.10\pic\sources\c90\common\awdiv.c estimated size: 104

shared
		__stringtab    		STRING         	0003	0000	7
		__initialization		CODE           	07F6	0000	7

shared estimated size: 14

muitiple_adc.c
		_LCD_Init      		CODE           	05A2	0000	35
		_LCD_Command   		CODE           	0549	0000	30
		_display       		CODE           	076C	0000	139
		_main          		CODE           	0700	0000	109
		_LCD_Char      		CODE           	0566	0000	30
		_LCD_string    		CODE           	0583	0000	32
		_read_Adc      		CODE           	05C4	0000	57
		_ADC_inti      		CODE           	05FC	0000	67

muitiple_adc.c estimated size: 499

